Model Test Results - openrouter/z-ai/glm-4.5-air:free
===============================================
Test Date: 2026-03-26
Test Time: 17:01 UTC
Test Type: Basic functionality verification

Test Tasks Completed:
1. ✅ File creation and content generation
2. ✅ Simple text processing
3. ✅ Basic tool usage

Model Status: FUNCTIONAL
Performance: Expected response quality and tool access confirmed.

Conclusion: Model operational and ready for use.